/usr/lib/python3/dist-packages/setuptools/dist.py:744: SetuptoolsDeprecationWarning: Invalid dash-separated options
!!

        ********************************************************************************
        Usage of dash-separated 'script-dir' will not be supported in future
        versions. Please use the underscore name 'script_dir' instead.

        This deprecation is overdue, please update your project and remove deprecated
        calls to avoid build errors in the future.

        See https://setuptools.pypa.io/en/latest/userguide/declarative_config.html for details.
        ********************************************************************************

!!
  opt = self.warn_dash_deprecation(opt, section)
running egg_info
creating ../build/follower/follower.egg-info
writing ../build/follower/follower.egg-info/PKG-INFO
writing dependency_links to ../build/follower/follower.egg-info/dependency_links.txt
writing entry points to ../build/follower/follower.egg-info/entry_points.txt
writing requirements to ../build/follower/follower.egg-info/requires.txt
writing top-level names to ../build/follower/follower.egg-info/top_level.txt
writing manifest file '../build/follower/follower.egg-info/SOURCES.txt'
reading manifest file '../build/follower/follower.egg-info/SOURCES.txt'
adding license file 'NOTICE'
writing manifest file '../build/follower/follower.egg-info/SOURCES.txt'
running build
running build_py
creating /home/sachin/ros2_line_follower/build/follower/build
creating /home/sachin/ros2_line_follower/build/follower/build/lib
creating /home/sachin/ros2_line_follower/build/follower/build/lib/follower
copying follower/follower_node.py -> /home/sachin/ros2_line_follower/build/follower/build/lib/follower
copying follower/__init__.py -> /home/sachin/ros2_line_follower/build/follower/build/lib/follower
copying follower/test_topic.py -> /home/sachin/ros2_line_follower/build/follower/build/lib/follower
running install
running install_lib
creating /home/sachin/ros2_line_follower/install/follower/lib/python3.12/site-packages/follower
copying /home/sachin/ros2_line_follower/build/follower/build/lib/follower/follower_node.py -> /home/sachin/ros2_line_follower/install/follower/lib/python3.12/site-packages/follower
copying /home/sachin/ros2_line_follower/build/follower/build/lib/follower/__init__.py -> /home/sachin/ros2_line_follower/install/follower/lib/python3.12/site-packages/follower
copying /home/sachin/ros2_line_follower/build/follower/build/lib/follower/test_topic.py -> /home/sachin/ros2_line_follower/install/follower/lib/python3.12/site-packages/follower
byte-compiling /home/sachin/ros2_line_follower/install/follower/lib/python3.12/site-packages/follower/follower_node.py to follower_node.cpython-312.pyc
byte-compiling /home/sachin/ros2_line_follower/install/follower/lib/python3.12/site-packages/follower/__init__.py to __init__.cpython-312.pyc
byte-compiling /home/sachin/ros2_line_follower/install/follower/lib/python3.12/site-packages/follower/test_topic.py to test_topic.cpython-312.pyc
running install_data
creating /home/sachin/ros2_line_follower/install/follower/share/ament_index
creating /home/sachin/ros2_line_follower/install/follower/share/ament_index/resource_index
creating /home/sachin/ros2_line_follower/install/follower/share/ament_index/resource_index/packages
copying resource/follower -> /home/sachin/ros2_line_follower/install/follower/share/ament_index/resource_index/packages
copying package.xml -> /home/sachin/ros2_line_follower/install/follower/share/follower
creating /home/sachin/ros2_line_follower/install/follower/share/follower/launch
copying launch/new_track.launch.py -> /home/sachin/ros2_line_follower/install/follower/share/follower/launch
creating /home/sachin/ros2_line_follower/install/follower/share/follower/worlds
copying worlds/new_track.sdf -> /home/sachin/ros2_line_follower/install/follower/share/follower/worlds
creating /home/sachin/ros2_line_follower/install/follower/share/follower/models
creating /home/sachin/ros2_line_follower/install/follower/share/follower/models/custom_turtlebot
copying models/custom_turtlebot/model.sdf -> /home/sachin/ros2_line_follower/install/follower/share/follower/models/custom_turtlebot
copying models/custom_turtlebot/model.config -> /home/sachin/ros2_line_follower/install/follower/share/follower/models/custom_turtlebot
creating /home/sachin/ros2_line_follower/install/follower/share/follower/models/custom_turtlebot/meshes
copying models/custom_turtlebot/meshes/lds.dae -> /home/sachin/ros2_line_follower/install/follower/share/follower/models/custom_turtlebot/meshes
copying models/custom_turtlebot/meshes/tire.dae -> /home/sachin/ros2_line_follower/install/follower/share/follower/models/custom_turtlebot/meshes
copying models/custom_turtlebot/meshes/waffle_pi_base.dae -> /home/sachin/ros2_line_follower/install/follower/share/follower/models/custom_turtlebot/meshes
creating /home/sachin/ros2_line_follower/install/follower/share/follower/models/track2
copying models/track2/model.sdf -> /home/sachin/ros2_line_follower/install/follower/share/follower/models/track2
copying models/track2/model.config -> /home/sachin/ros2_line_follower/install/follower/share/follower/models/track2
creating /home/sachin/ros2_line_follower/install/follower/share/follower/models/track2/materials
creating /home/sachin/ros2_line_follower/install/follower/share/follower/models/track2/materials/textures
copying models/track2/materials/textures/Track2.png -> /home/sachin/ros2_line_follower/install/follower/share/follower/models/track2/materials/textures
copying models/track2/materials/textures/original_track.png -> /home/sachin/ros2_line_follower/install/follower/share/follower/models/track2/materials/textures
running install_egg_info
Copying ../build/follower/follower.egg-info to /home/sachin/ros2_line_follower/install/follower/lib/python3.12/site-packages/follower-1.0.0-py3.12.egg-info
running install_scripts
Installing follower_node script to /home/sachin/ros2_line_follower/install/follower/lib/follower
Installing tester script to /home/sachin/ros2_line_follower/install/follower/lib/follower
writing list of installed files to '/home/sachin/ros2_line_follower/build/follower/install.log'
