[0.616s] Invoking command in '/home/sachin/ros2_line_follower/follower': DEBUGINFOD_URLS=https://debuginfod.ubuntu.com PS1=(.ros2_venv) \[\e]0;\u@\h: \w\a\]${debian_chroot:+($debian_chroot)}\[\033[01;32m\]\u@\h\[\033[00m\]:\[\033[01;34m\]\w\[\033[00m\]\$ PYTHONPATH=/home/sachin/ros2_line_follower/build/follower/prefix_override:/usr/lib/python3/dist-packages/colcon_core/task/python/colcon_distutils_commands:/home/sachin/ros2_line_follower/install/follower/lib/python3.12/site-packages:${PYTHONPATH} VIRTUAL_ENV_PROMPT=(.ros2_venv) /usr/bin/python3 -W ignore:setup.py install is deprecated -W ignore:easy_install command is deprecated setup.py egg_info --egg-base ../build/follower build --build-base /home/sachin/ros2_line_follower/build/follower/build install --record /home/sachin/ros2_line_follower/build/follower/install.log --install-scripts $base/lib/follower --single-version-externally-managed install_data
[0.700s] /usr/lib/python3/dist-packages/setuptools/dist.py:744: SetuptoolsDeprecationWarning: Invalid dash-separated options
[0.700s] !!
[0.701s] 
[0.701s]         ********************************************************************************
[0.701s]         Usage of dash-separated 'script-dir' will not be supported in future
[0.701s]         versions. Please use the underscore name 'script_dir' instead.
[0.701s] 
[0.701s]         This deprecation is overdue, please update your project and remove deprecated
[0.701s]         calls to avoid build errors in the future.
[0.701s] 
[0.701s]         See https://setuptools.pypa.io/en/latest/userguide/declarative_config.html for details.
[0.701s]         ********************************************************************************
[0.701s] 
[0.701s] !!
[0.701s]   opt = self.warn_dash_deprecation(opt, section)
[0.781s] running egg_info
[0.781s] creating ../build/follower/follower.egg-info
[0.792s] writing ../build/follower/follower.egg-info/PKG-INFO
[0.792s] writing dependency_links to ../build/follower/follower.egg-info/dependency_links.txt
[0.792s] writing entry points to ../build/follower/follower.egg-info/entry_points.txt
[0.792s] writing requirements to ../build/follower/follower.egg-info/requires.txt
[0.792s] writing top-level names to ../build/follower/follower.egg-info/top_level.txt
[0.792s] writing manifest file '../build/follower/follower.egg-info/SOURCES.txt'
[0.816s] reading manifest file '../build/follower/follower.egg-info/SOURCES.txt'
[0.816s] adding license file 'NOTICE'
[0.816s] writing manifest file '../build/follower/follower.egg-info/SOURCES.txt'
[0.816s] running build
[0.816s] running build_py
[0.816s] creating /home/sachin/ros2_line_follower/build/follower/build
[0.816s] creating /home/sachin/ros2_line_follower/build/follower/build/lib
[0.816s] creating /home/sachin/ros2_line_follower/build/follower/build/lib/follower
[0.816s] copying follower/follower_node.py -> /home/sachin/ros2_line_follower/build/follower/build/lib/follower
[0.817s] copying follower/__init__.py -> /home/sachin/ros2_line_follower/build/follower/build/lib/follower
[0.817s] copying follower/test_topic.py -> /home/sachin/ros2_line_follower/build/follower/build/lib/follower
[0.817s] running install
[0.820s] running install_lib
[0.832s] creating /home/sachin/ros2_line_follower/install/follower/lib/python3.12/site-packages/follower
[0.832s] copying /home/sachin/ros2_line_follower/build/follower/build/lib/follower/follower_node.py -> /home/sachin/ros2_line_follower/install/follower/lib/python3.12/site-packages/follower
[0.832s] copying /home/sachin/ros2_line_follower/build/follower/build/lib/follower/__init__.py -> /home/sachin/ros2_line_follower/install/follower/lib/python3.12/site-packages/follower
[0.832s] copying /home/sachin/ros2_line_follower/build/follower/build/lib/follower/test_topic.py -> /home/sachin/ros2_line_follower/install/follower/lib/python3.12/site-packages/follower
[0.832s] byte-compiling /home/sachin/ros2_line_follower/install/follower/lib/python3.12/site-packages/follower/follower_node.py to follower_node.cpython-312.pyc
[0.833s] byte-compiling /home/sachin/ros2_line_follower/install/follower/lib/python3.12/site-packages/follower/__init__.py to __init__.cpython-312.pyc
[0.833s] byte-compiling /home/sachin/ros2_line_follower/install/follower/lib/python3.12/site-packages/follower/test_topic.py to test_topic.cpython-312.pyc
[0.834s] running install_data
[0.834s] creating /home/sachin/ros2_line_follower/install/follower/share/ament_index
[0.834s] creating /home/sachin/ros2_line_follower/install/follower/share/ament_index/resource_index
[0.834s] creating /home/sachin/ros2_line_follower/install/follower/share/ament_index/resource_index/packages
[0.834s] copying resource/follower -> /home/sachin/ros2_line_follower/install/follower/share/ament_index/resource_index/packages
[0.834s] copying package.xml -> /home/sachin/ros2_line_follower/install/follower/share/follower
[0.834s] creating /home/sachin/ros2_line_follower/install/follower/share/follower/launch
[0.834s] copying launch/new_track.launch.py -> /home/sachin/ros2_line_follower/install/follower/share/follower/launch
[0.834s] creating /home/sachin/ros2_line_follower/install/follower/share/follower/worlds
[0.834s] copying worlds/new_track.sdf -> /home/sachin/ros2_line_follower/install/follower/share/follower/worlds
[0.834s] creating /home/sachin/ros2_line_follower/install/follower/share/follower/models
[0.834s] creating /home/sachin/ros2_line_follower/install/follower/share/follower/models/custom_turtlebot
[0.834s] copying models/custom_turtlebot/model.sdf -> /home/sachin/ros2_line_follower/install/follower/share/follower/models/custom_turtlebot
[0.834s] copying models/custom_turtlebot/model.config -> /home/sachin/ros2_line_follower/install/follower/share/follower/models/custom_turtlebot
[0.834s] creating /home/sachin/ros2_line_follower/install/follower/share/follower/models/custom_turtlebot/meshes
[0.835s] copying models/custom_turtlebot/meshes/lds.dae -> /home/sachin/ros2_line_follower/install/follower/share/follower/models/custom_turtlebot/meshes
[0.835s] copying models/custom_turtlebot/meshes/tire.dae -> /home/sachin/ros2_line_follower/install/follower/share/follower/models/custom_turtlebot/meshes
[0.835s] copying models/custom_turtlebot/meshes/waffle_pi_base.dae -> /home/sachin/ros2_line_follower/install/follower/share/follower/models/custom_turtlebot/meshes
[0.835s] creating /home/sachin/ros2_line_follower/install/follower/share/follower/models/track2
[0.835s] copying models/track2/model.sdf -> /home/sachin/ros2_line_follower/install/follower/share/follower/models/track2
[0.835s] copying models/track2/model.config -> /home/sachin/ros2_line_follower/install/follower/share/follower/models/track2
[0.835s] creating /home/sachin/ros2_line_follower/install/follower/share/follower/models/track2/materials
[0.835s] creating /home/sachin/ros2_line_follower/install/follower/share/follower/models/track2/materials/textures
[0.835s] copying models/track2/materials/textures/Track2.png -> /home/sachin/ros2_line_follower/install/follower/share/follower/models/track2/materials/textures
[0.835s] copying models/track2/materials/textures/original_track.png -> /home/sachin/ros2_line_follower/install/follower/share/follower/models/track2/materials/textures
[0.835s] running install_egg_info
[0.847s] Copying ../build/follower/follower.egg-info to /home/sachin/ros2_line_follower/install/follower/lib/python3.12/site-packages/follower-1.0.0-py3.12.egg-info
[0.847s] running install_scripts
[0.924s] Installing follower_node script to /home/sachin/ros2_line_follower/install/follower/lib/follower
[0.924s] Installing tester script to /home/sachin/ros2_line_follower/install/follower/lib/follower
[0.924s] writing list of installed files to '/home/sachin/ros2_line_follower/build/follower/install.log'
[0.943s] Invoked command in '/home/sachin/ros2_line_follower/follower' returned '0': DEBUGINFOD_URLS=https://debuginfod.ubuntu.com PS1=(.ros2_venv) \[\e]0;\u@\h: \w\a\]${debian_chroot:+($debian_chroot)}\[\033[01;32m\]\u@\h\[\033[00m\]:\[\033[01;34m\]\w\[\033[00m\]\$ PYTHONPATH=/home/sachin/ros2_line_follower/build/follower/prefix_override:/usr/lib/python3/dist-packages/colcon_core/task/python/colcon_distutils_commands:/home/sachin/ros2_line_follower/install/follower/lib/python3.12/site-packages:${PYTHONPATH} VIRTUAL_ENV_PROMPT=(.ros2_venv) /usr/bin/python3 -W ignore:setup.py install is deprecated -W ignore:easy_install command is deprecated setup.py egg_info --egg-base ../build/follower build --build-base /home/sachin/ros2_line_follower/build/follower/build install --record /home/sachin/ros2_line_follower/build/follower/install.log --install-scripts $base/lib/follower --single-version-externally-managed install_data
