[0.511s] Invoking command in '/home/sachin/ros2_line_follower/follower': DEBUGINFOD_URLS=https://debuginfod.ubuntu.com PS1=(.ros2_venv) \[\e]0;\u@\h: \w\a\]${debian_chroot:+($debian_chroot)}\[\033[01;32m\]\u@\h\[\033[00m\]:\[\033[01;34m\]\w\[\033[00m\]\$ PYTHONPATH=/home/sachin/ros2_line_follower/build/follower/prefix_override:/usr/lib/python3/dist-packages/colcon_core/task/python/colcon_distutils_commands:/home/sachin/ros2_line_follower/install/follower/lib/python3.12/site-packages:${PYTHONPATH} VIRTUAL_ENV_PROMPT=(.ros2_venv) /usr/bin/python3 -W ignore:setup.py install is deprecated -W ignore:easy_install command is deprecated setup.py egg_info --egg-base ../build/follower build --build-base /home/sachin/ros2_line_follower/build/follower/build install --record /home/sachin/ros2_line_follower/build/follower/install.log --install-scripts $base/lib/follower --single-version-externally-managed install_data
[0.591s] /usr/lib/python3/dist-packages/setuptools/dist.py:744: SetuptoolsDeprecationWarning: Invalid dash-separated options
[0.591s] !!
[0.591s] 
[0.591s]         ********************************************************************************
[0.591s]         Usage of dash-separated 'script-dir' will not be supported in future
[0.591s]         versions. Please use the underscore name 'script_dir' instead.
[0.591s] 
[0.591s]         This deprecation is overdue, please update your project and remove deprecated
[0.592s]         calls to avoid build errors in the future.
[0.592s] 
[0.592s]         See https://setuptools.pypa.io/en/latest/userguide/declarative_config.html for details.
[0.592s]         ********************************************************************************
[0.592s] 
[0.592s] !!
[0.592s]   opt = self.warn_dash_deprecation(opt, section)
[0.680s] running egg_info
[0.691s] writing ../build/follower/follower.egg-info/PKG-INFO
[0.691s] writing dependency_links to ../build/follower/follower.egg-info/dependency_links.txt
[0.692s] writing entry points to ../build/follower/follower.egg-info/entry_points.txt
[0.692s] writing requirements to ../build/follower/follower.egg-info/requires.txt
[0.692s] writing top-level names to ../build/follower/follower.egg-info/top_level.txt
[0.716s] reading manifest file '../build/follower/follower.egg-info/SOURCES.txt'
[0.717s] writing manifest file '../build/follower/follower.egg-info/SOURCES.txt'
[0.717s] running build
[0.717s] running build_py
[0.717s] running install
[0.721s] running install_lib
[0.734s] running install_data
[0.734s] creating /home/sachin/ros2_line_follower/install/follower/share/follower/models/sor_track
[0.734s] copying models/sor_track/model.sdf -> /home/sachin/ros2_line_follower/install/follower/share/follower/models/sor_track
[0.734s] copying models/sor_track/model.config -> /home/sachin/ros2_line_follower/install/follower/share/follower/models/sor_track
[0.734s] creating /home/sachin/ros2_line_follower/install/follower/share/follower/models/sor_track/materials
[0.734s] creating /home/sachin/ros2_line_follower/install/follower/share/follower/models/sor_track/materials/textures
[0.734s] copying models/sor_track/materials/textures/sor_track.png -> /home/sachin/ros2_line_follower/install/follower/share/follower/models/sor_track/materials/textures
[0.735s] running install_egg_info
[0.748s] removing '/home/sachin/ros2_line_follower/install/follower/lib/python3.12/site-packages/follower-1.0.0-py3.12.egg-info' (and everything under it)
[0.748s] Copying ../build/follower/follower.egg-info to /home/sachin/ros2_line_follower/install/follower/lib/python3.12/site-packages/follower-1.0.0-py3.12.egg-info
[0.749s] running install_scripts
[0.829s] Installing follower_node script to /home/sachin/ros2_line_follower/install/follower/lib/follower
[0.829s] Installing tester script to /home/sachin/ros2_line_follower/install/follower/lib/follower
[0.830s] writing list of installed files to '/home/sachin/ros2_line_follower/build/follower/install.log'
[0.849s] Invoked command in '/home/sachin/ros2_line_follower/follower' returned '0': DEBUGINFOD_URLS=https://debuginfod.ubuntu.com PS1=(.ros2_venv) \[\e]0;\u@\h: \w\a\]${debian_chroot:+($debian_chroot)}\[\033[01;32m\]\u@\h\[\033[00m\]:\[\033[01;34m\]\w\[\033[00m\]\$ PYTHONPATH=/home/sachin/ros2_line_follower/build/follower/prefix_override:/usr/lib/python3/dist-packages/colcon_core/task/python/colcon_distutils_commands:/home/sachin/ros2_line_follower/install/follower/lib/python3.12/site-packages:${PYTHONPATH} VIRTUAL_ENV_PROMPT=(.ros2_venv) /usr/bin/python3 -W ignore:setup.py install is deprecated -W ignore:easy_install command is deprecated setup.py egg_info --egg-base ../build/follower build --build-base /home/sachin/ros2_line_follower/build/follower/build install --record /home/sachin/ros2_line_follower/build/follower/install.log --install-scripts $base/lib/follower --single-version-externally-managed install_data
