running egg_info
writing ../build/follower/follower.egg-info/PKG-INFO
writing dependency_links to ../build/follower/follower.egg-info/dependency_links.txt
writing entry points to ../build/follower/follower.egg-info/entry_points.txt
writing requirements to ../build/follower/follower.egg-info/requires.txt
writing top-level names to ../build/follower/follower.egg-info/top_level.txt
reading manifest file '../build/follower/follower.egg-info/SOURCES.txt'
adding license file 'NOTICE'
writing manifest file '../build/follower/follower.egg-info/SOURCES.txt'
running build
running build_py
copying follower/follower_node.py -> /home/sachin/ros2_line_follower/build/follower/build/lib/follower
running install
running install_lib
copying /home/sachin/ros2_line_follower/build/follower/build/lib/follower/follower_node.py -> /home/sachin/ros2_line_follower/install/follower/lib/python3.12/site-packages/follower
byte-compiling /home/sachin/ros2_line_follower/install/follower/lib/python3.12/site-packages/follower/follower_node.py to follower_node.cpython-312.pyc
running install_data
copying models/track2/model.sdf -> /home/sachin/ros2_line_follower/install/follower/share/follower/models/track2
running install_egg_info
removing '/home/sachin/ros2_line_follower/install/follower/lib/python3.12/site-packages/follower-1.0.0-py3.12.egg-info' (and everything under it)
Copying ../build/follower/follower.egg-info to /home/sachin/ros2_line_follower/install/follower/lib/python3.12/site-packages/follower-1.0.0-py3.12.egg-info
running install_scripts
Installing follower_node script to /home/sachin/ros2_line_follower/install/follower/lib/follower
Installing tester script to /home/sachin/ros2_line_follower/install/follower/lib/follower
writing list of installed files to '/home/sachin/ros2_line_follower/build/follower/install.log'
