/home/sachin/ros2_line_follower/install/follower/lib/python3.12/site-packages/follower/follower_node.py
/home/sachin/ros2_line_follower/install/follower/lib/python3.12/site-packages/follower/__init__.py
/home/sachin/ros2_line_follower/install/follower/lib/python3.12/site-packages/follower/test_topic.py
/home/sachin/ros2_line_follower/install/follower/lib/python3.12/site-packages/follower/__pycache__/follower_node.cpython-312.pyc
/home/sachin/ros2_line_follower/install/follower/lib/python3.12/site-packages/follower/__pycache__/__init__.cpython-312.pyc
/home/sachin/ros2_line_follower/install/follower/lib/python3.12/site-packages/follower/__pycache__/test_topic.cpython-312.pyc
/home/sachin/ros2_line_follower/install/follower/share/ament_index/resource_index/packages/follower
/home/sachin/ros2_line_follower/install/follower/share/follower/package.xml
/home/sachin/ros2_line_follower/install/follower/share/follower/launch/new_track.launch.py
/home/sachin/ros2_line_follower/install/follower/share/follower/worlds/new_track.sdf
/home/sachin/ros2_line_follower/install/follower/share/follower/models/custom_turtlebot/model.sdf
/home/sachin/ros2_line_follower/install/follower/share/follower/models/custom_turtlebot/model.config
/home/sachin/ros2_line_follower/install/follower/share/follower/models/custom_turtlebot/meshes/lds.dae
/home/sachin/ros2_line_follower/install/follower/share/follower/models/custom_turtlebot/meshes/tire.dae
/home/sachin/ros2_line_follower/install/follower/share/follower/models/custom_turtlebot/meshes/waffle_pi_base.dae
/home/sachin/ros2_line_follower/install/follower/share/follower/models/track2/model.sdf
/home/sachin/ros2_line_follower/install/follower/share/follower/models/track2/model.config
/home/sachin/ros2_line_follower/install/follower/share/follower/models/track2/materials/textures/Track2.png
/home/sachin/ros2_line_follower/install/follower/share/follower/models/track2/materials/textures/original_track.png
/home/sachin/ros2_line_follower/install/follower/lib/python3.12/site-packages/follower-1.0.0-py3.12.egg-info/PKG-INFO
/home/sachin/ros2_line_follower/install/follower/lib/python3.12/site-packages/follower-1.0.0-py3.12.egg-info/requires.txt
/home/sachin/ros2_line_follower/install/follower/lib/python3.12/site-packages/follower-1.0.0-py3.12.egg-info/zip-safe
/home/sachin/ros2_line_follower/install/follower/lib/python3.12/site-packages/follower-1.0.0-py3.12.egg-info/dependency_links.txt
/home/sachin/ros2_line_follower/install/follower/lib/python3.12/site-packages/follower-1.0.0-py3.12.egg-info/SOURCES.txt
/home/sachin/ros2_line_follower/install/follower/lib/python3.12/site-packages/follower-1.0.0-py3.12.egg-info/top_level.txt
/home/sachin/ros2_line_follower/install/follower/lib/python3.12/site-packages/follower-1.0.0-py3.12.egg-info/entry_points.txt
/home/sachin/ros2_line_follower/install/follower/lib/follower/follower_node
/home/sachin/ros2_line_follower/install/follower/lib/follower/tester
