[1.019s] Invoking command in '/home/sachin/ros2_line_follower/follower': DEBUGINFOD_URLS=https://debuginfod.ubuntu.com PS1=(.ros2_venv) \[\e]0;\u@\h: \w\a\]${debian_chroot:+($debian_chroot)}\[\033[01;32m\]\u@\h\[\033[00m\]:\[\033[01;34m\]\w\[\033[00m\]\$ PYTHONPATH=/home/sachin/ros2_line_follower/build/follower/prefix_override:/usr/lib/python3/dist-packages/colcon_core/task/python/colcon_distutils_commands:/home/sachin/ros2_line_follower/install/follower/lib/python3.12/site-packages:${PYTHONPATH} VIRTUAL_ENV_PROMPT=(.ros2_venv) /usr/bin/python3 -W ignore:setup.py install is deprecated -W ignore:easy_install command is deprecated setup.py egg_info --egg-base ../build/follower build --build-base /home/sachin/ros2_line_follower/build/follower/build install --record /home/sachin/ros2_line_follower/build/follower/install.log --install-scripts $base/lib/follower --single-version-externally-managed install_data
[1.186s] /usr/lib/python3/dist-packages/setuptools/dist.py:744: SetuptoolsDeprecationWarning: Invalid dash-separated options
[1.186s] !!
[1.186s] 
[1.186s]         ********************************************************************************
[1.186s]         Usage of dash-separated 'script-dir' will not be supported in future
[1.186s]         versions. Please use the underscore name 'script_dir' instead.
[1.186s] 
[1.186s]         This deprecation is overdue, please update your project and remove deprecated
[1.186s]         calls to avoid build errors in the future.
[1.186s] 
[1.186s]         See https://setuptools.pypa.io/en/latest/userguide/declarative_config.html for details.
[1.186s]         ********************************************************************************
[1.186s] 
[1.187s] !!
[1.187s]   opt = self.warn_dash_deprecation(opt, section)
[1.359s] running egg_info
[1.382s] writing ../build/follower/follower.egg-info/PKG-INFO
[1.383s] writing dependency_links to ../build/follower/follower.egg-info/dependency_links.txt
[1.383s] writing entry points to ../build/follower/follower.egg-info/entry_points.txt
[1.383s] writing requirements to ../build/follower/follower.egg-info/requires.txt
[1.383s] writing top-level names to ../build/follower/follower.egg-info/top_level.txt
[1.433s] reading manifest file '../build/follower/follower.egg-info/SOURCES.txt'
[1.434s] writing manifest file '../build/follower/follower.egg-info/SOURCES.txt'
[1.435s] running build
[1.435s] running build_py
[1.435s] running install
[1.443s] running install_lib
[1.467s] running install_data
[1.467s] copying launch/new_track.launch.py -> /home/sachin/ros2_line_follower/install/follower/share/follower/launch
[1.467s] copying models/track2/model.sdf -> /home/sachin/ros2_line_follower/install/follower/share/follower/models/track2
[1.467s] running install_egg_info
[1.493s] removing '/home/sachin/ros2_line_follower/install/follower/lib/python3.12/site-packages/follower-1.0.0-py3.12.egg-info' (and everything under it)
[1.493s] Copying ../build/follower/follower.egg-info to /home/sachin/ros2_line_follower/install/follower/lib/python3.12/site-packages/follower-1.0.0-py3.12.egg-info
[1.494s] running install_scripts
[1.658s] Installing follower_node script to /home/sachin/ros2_line_follower/install/follower/lib/follower
[1.659s] Installing tester script to /home/sachin/ros2_line_follower/install/follower/lib/follower
[1.659s] writing list of installed files to '/home/sachin/ros2_line_follower/build/follower/install.log'
[1.692s] Invoked command in '/home/sachin/ros2_line_follower/follower' returned '0': DEBUGINFOD_URLS=https://debuginfod.ubuntu.com PS1=(.ros2_venv) \[\e]0;\u@\h: \w\a\]${debian_chroot:+($debian_chroot)}\[\033[01;32m\]\u@\h\[\033[00m\]:\[\033[01;34m\]\w\[\033[00m\]\$ PYTHONPATH=/home/sachin/ros2_line_follower/build/follower/prefix_override:/usr/lib/python3/dist-packages/colcon_core/task/python/colcon_distutils_commands:/home/sachin/ros2_line_follower/install/follower/lib/python3.12/site-packages:${PYTHONPATH} VIRTUAL_ENV_PROMPT=(.ros2_venv) /usr/bin/python3 -W ignore:setup.py install is deprecated -W ignore:easy_install command is deprecated setup.py egg_info --egg-base ../build/follower build --build-base /home/sachin/ros2_line_follower/build/follower/build install --record /home/sachin/ros2_line_follower/build/follower/install.log --install-scripts $base/lib/follower --single-version-externally-managed install_data
