/usr/lib/python3/dist-packages/setuptools/dist.py:744: SetuptoolsDeprecationWarning: Invalid dash-separated options
!!

        ********************************************************************************
        Usage of dash-separated 'script-dir' will not be supported in future
        versions. Please use the underscore name 'script_dir' instead.

        This deprecation is overdue, please update your project and remove deprecated
        calls to avoid build errors in the future.

        See https://setuptools.pypa.io/en/latest/userguide/declarative_config.html for details.
        ********************************************************************************

!!
  opt = self.warn_dash_deprecation(opt, section)
running egg_info
writing ../build/follower/follower.egg-info/PKG-INFO
writing dependency_links to ../build/follower/follower.egg-info/dependency_links.txt
writing entry points to ../build/follower/follower.egg-info/entry_points.txt
writing requirements to ../build/follower/follower.egg-info/requires.txt
writing top-level names to ../build/follower/follower.egg-info/top_level.txt
reading manifest file '../build/follower/follower.egg-info/SOURCES.txt'
adding license file 'NOTICE'
writing manifest file '../build/follower/follower.egg-info/SOURCES.txt'
running build
running build_py
running install
running install_lib
running install_data
copying models/track2/model.sdf -> /home/sachin/ros2_line_follower/install/follower/share/follower/models/track2
running install_egg_info
removing '/home/sachin/ros2_line_follower/install/follower/lib/python3.12/site-packages/follower-1.0.0-py3.12.egg-info' (and everything under it)
Copying ../build/follower/follower.egg-info to /home/sachin/ros2_line_follower/install/follower/lib/python3.12/site-packages/follower-1.0.0-py3.12.egg-info
running install_scripts
Installing follower_node script to /home/sachin/ros2_line_follower/install/follower/lib/follower
Installing tester script to /home/sachin/ros2_line_follower/install/follower/lib/follower
writing list of installed files to '/home/sachin/ros2_line_follower/build/follower/install.log'
