running egg_info
creating ../../build/follower/follower.egg-info
writing ../../build/follower/follower.egg-info/PKG-INFO
writing dependency_links to ../../build/follower/follower.egg-info/dependency_links.txt
writing entry points to ../../build/follower/follower.egg-info/entry_points.txt
writing requirements to ../../build/follower/follower.egg-info/requires.txt
writing top-level names to ../../build/follower/follower.egg-info/top_level.txt
writing manifest file '../../build/follower/follower.egg-info/SOURCES.txt'
reading manifest file '../../build/follower/follower.egg-info/SOURCES.txt'
writing manifest file '../../build/follower/follower.egg-info/SOURCES.txt'
running build
running build_py
creating /home/ubuntu/ros2_line_follower/build/follower/build
creating /home/ubuntu/ros2_line_follower/build/follower/build/lib
creating /home/ubuntu/ros2_line_follower/build/follower/build/lib/follower
copying follower/test_topic.py -> /home/ubuntu/ros2_line_follower/build/follower/build/lib/follower
copying follower/__init__.py -> /home/ubuntu/ros2_line_follower/build/follower/build/lib/follower
copying follower/follower_node.py -> /home/ubuntu/ros2_line_follower/build/follower/build/lib/follower
running install
running install_lib
creating /home/ubuntu/ros2_line_follower/install/follower/lib/python3.12/site-packages/follower
copying /home/ubuntu/ros2_line_follower/build/follower/build/lib/follower/test_topic.py -> /home/ubuntu/ros2_line_follower/install/follower/lib/python3.12/site-packages/follower
copying /home/ubuntu/ros2_line_follower/build/follower/build/lib/follower/__init__.py -> /home/ubuntu/ros2_line_follower/install/follower/lib/python3.12/site-packages/follower
copying /home/ubuntu/ros2_line_follower/build/follower/build/lib/follower/follower_node.py -> /home/ubuntu/ros2_line_follower/install/follower/lib/python3.12/site-packages/follower
byte-compiling /home/ubuntu/ros2_line_follower/install/follower/lib/python3.12/site-packages/follower/test_topic.py to test_topic.cpython-312.pyc
byte-compiling /home/ubuntu/ros2_line_follower/install/follower/lib/python3.12/site-packages/follower/__init__.py to __init__.cpython-312.pyc
byte-compiling /home/ubuntu/ros2_line_follower/install/follower/lib/python3.12/site-packages/follower/follower_node.py to follower_node.cpython-312.pyc
running install_data
creating /home/ubuntu/ros2_line_follower/install/follower/share/ament_index
creating /home/ubuntu/ros2_line_follower/install/follower/share/ament_index/resource_index
creating /home/ubuntu/ros2_line_follower/install/follower/share/ament_index/resource_index/packages
copying resource/follower -> /home/ubuntu/ros2_line_follower/install/follower/share/ament_index/resource_index/packages
copying package.xml -> /home/ubuntu/ros2_line_follower/install/follower/share/follower
creating /home/ubuntu/ros2_line_follower/install/follower/share/follower/launch
copying launch/sor_track.launch.py -> /home/ubuntu/ros2_line_follower/install/follower/share/follower/launch
copying launch/new_track.launch.py -> /home/ubuntu/ros2_line_follower/install/follower/share/follower/launch
creating /home/ubuntu/ros2_line_follower/install/follower/share/follower/worlds
copying worlds/new_track.sdf -> /home/ubuntu/ros2_line_follower/install/follower/share/follower/worlds
copying worlds/sor_track.sdf -> /home/ubuntu/ros2_line_follower/install/follower/share/follower/worlds
creating /home/ubuntu/ros2_line_follower/install/follower/share/follower/models
creating /home/ubuntu/ros2_line_follower/install/follower/share/follower/models/sor_track
copying models/sor_track/model.sdf -> /home/ubuntu/ros2_line_follower/install/follower/share/follower/models/sor_track
copying models/sor_track/model.config -> /home/ubuntu/ros2_line_follower/install/follower/share/follower/models/sor_track
creating /home/ubuntu/ros2_line_follower/install/follower/share/follower/models/sor_track/materials
creating /home/ubuntu/ros2_line_follower/install/follower/share/follower/models/sor_track/materials/textures
copying models/sor_track/materials/textures/sor_track.png -> /home/ubuntu/ros2_line_follower/install/follower/share/follower/models/sor_track/materials/textures
creating /home/ubuntu/ros2_line_follower/install/follower/share/follower/models/custom_turtlebot
copying models/custom_turtlebot/model.sdf -> /home/ubuntu/ros2_line_follower/install/follower/share/follower/models/custom_turtlebot
copying models/custom_turtlebot/model.config -> /home/ubuntu/ros2_line_follower/install/follower/share/follower/models/custom_turtlebot
creating /home/ubuntu/ros2_line_follower/install/follower/share/follower/models/custom_turtlebot/meshes
copying models/custom_turtlebot/meshes/lds.dae -> /home/ubuntu/ros2_line_follower/install/follower/share/follower/models/custom_turtlebot/meshes
copying models/custom_turtlebot/meshes/waffle_pi_base.dae -> /home/ubuntu/ros2_line_follower/install/follower/share/follower/models/custom_turtlebot/meshes
copying models/custom_turtlebot/meshes/tire.dae -> /home/ubuntu/ros2_line_follower/install/follower/share/follower/models/custom_turtlebot/meshes
creating /home/ubuntu/ros2_line_follower/install/follower/share/follower/models/track2
copying models/track2/model.sdf -> /home/ubuntu/ros2_line_follower/install/follower/share/follower/models/track2
copying models/track2/model.config -> /home/ubuntu/ros2_line_follower/install/follower/share/follower/models/track2
creating /home/ubuntu/ros2_line_follower/install/follower/share/follower/models/track2/materials
creating /home/ubuntu/ros2_line_follower/install/follower/share/follower/models/track2/materials/textures
copying models/track2/materials/textures/original_track.png -> /home/ubuntu/ros2_line_follower/install/follower/share/follower/models/track2/materials/textures
copying models/track2/materials/textures/Track2.png -> /home/ubuntu/ros2_line_follower/install/follower/share/follower/models/track2/materials/textures
running install_egg_info
Copying ../../build/follower/follower.egg-info to /home/ubuntu/ros2_line_follower/install/follower/lib/python3.12/site-packages/follower-1.0.0-py3.12.egg-info
running install_scripts
Installing follower_node script to /home/ubuntu/ros2_line_follower/install/follower/lib/follower
Installing tester script to /home/ubuntu/ros2_line_follower/install/follower/lib/follower
writing list of installed files to '/home/ubuntu/ros2_line_follower/build/follower/install.log'
