[1.639s] Invoking command in '/home/ubuntu/ros2_line_follower/src/follower': PYTHONPATH=/home/ubuntu/ros2_line_follower/build/follower/prefix_override:/usr/lib/python3/dist-packages/colcon_core/task/python/colcon_distutils_commands:/home/ubuntu/ros2_line_follower/install/follower/lib/python3.12/site-packages:${PYTHONPATH} /usr/bin/python3 -W ignore:setup.py install is deprecated -W ignore:easy_install command is deprecated setup.py egg_info --egg-base ../../build/follower build --build-base /home/ubuntu/ros2_line_follower/build/follower/build install --record /home/ubuntu/ros2_line_follower/build/follower/install.log --install-scripts $base/lib/follower --single-version-externally-managed install_data
[1.753s] /usr/lib/python3/dist-packages/setuptools/dist.py:744: SetuptoolsDeprecationWarning: Invalid dash-separated options
[1.753s] !!
[1.753s] 
[1.753s]         ********************************************************************************
[1.753s]         Usage of dash-separated 'script-dir' will not be supported in future
[1.753s]         versions. Please use the underscore name 'script_dir' instead.
[1.753s] 
[1.753s]         This deprecation is overdue, please update your project and remove deprecated
[1.753s]         calls to avoid build errors in the future.
[1.753s] 
[1.753s]         See https://setuptools.pypa.io/en/latest/userguide/declarative_config.html for details.
[1.753s]         ********************************************************************************
[1.753s] 
[1.753s] !!
[1.753s]   opt = self.warn_dash_deprecation(opt, section)
[1.882s] running egg_info
[1.883s] creating ../../build/follower/follower.egg-info
[1.898s] writing ../../build/follower/follower.egg-info/PKG-INFO
[1.899s] writing dependency_links to ../../build/follower/follower.egg-info/dependency_links.txt
[1.899s] writing entry points to ../../build/follower/follower.egg-info/entry_points.txt
[1.900s] writing requirements to ../../build/follower/follower.egg-info/requires.txt
[1.900s] writing top-level names to ../../build/follower/follower.egg-info/top_level.txt
[1.900s] writing manifest file '../../build/follower/follower.egg-info/SOURCES.txt'
[1.936s] reading manifest file '../../build/follower/follower.egg-info/SOURCES.txt'
[1.937s] writing manifest file '../../build/follower/follower.egg-info/SOURCES.txt'
[1.937s] running build
[1.937s] running build_py
[1.937s] creating /home/ubuntu/ros2_line_follower/build/follower/build
[1.938s] creating /home/ubuntu/ros2_line_follower/build/follower/build/lib
[1.939s] creating /home/ubuntu/ros2_line_follower/build/follower/build/lib/follower
[1.939s] copying follower/test_topic.py -> /home/ubuntu/ros2_line_follower/build/follower/build/lib/follower
[1.940s] copying follower/__init__.py -> /home/ubuntu/ros2_line_follower/build/follower/build/lib/follower
[1.941s] copying follower/follower_node.py -> /home/ubuntu/ros2_line_follower/build/follower/build/lib/follower
[1.941s] running install
[1.946s] running install_lib
[1.962s] creating /home/ubuntu/ros2_line_follower/install/follower/lib/python3.12/site-packages/follower
[1.962s] copying /home/ubuntu/ros2_line_follower/build/follower/build/lib/follower/test_topic.py -> /home/ubuntu/ros2_line_follower/install/follower/lib/python3.12/site-packages/follower
[1.963s] copying /home/ubuntu/ros2_line_follower/build/follower/build/lib/follower/__init__.py -> /home/ubuntu/ros2_line_follower/install/follower/lib/python3.12/site-packages/follower
[1.963s] copying /home/ubuntu/ros2_line_follower/build/follower/build/lib/follower/follower_node.py -> /home/ubuntu/ros2_line_follower/install/follower/lib/python3.12/site-packages/follower
[1.964s] byte-compiling /home/ubuntu/ros2_line_follower/install/follower/lib/python3.12/site-packages/follower/test_topic.py to test_topic.cpython-312.pyc
[1.966s] byte-compiling /home/ubuntu/ros2_line_follower/install/follower/lib/python3.12/site-packages/follower/__init__.py to __init__.cpython-312.pyc
[1.967s] byte-compiling /home/ubuntu/ros2_line_follower/install/follower/lib/python3.12/site-packages/follower/follower_node.py to follower_node.cpython-312.pyc
[1.969s] running install_data
[1.969s] creating /home/ubuntu/ros2_line_follower/install/follower/share/ament_index
[1.969s] creating /home/ubuntu/ros2_line_follower/install/follower/share/ament_index/resource_index
[1.970s] creating /home/ubuntu/ros2_line_follower/install/follower/share/ament_index/resource_index/packages
[1.971s] copying resource/follower -> /home/ubuntu/ros2_line_follower/install/follower/share/ament_index/resource_index/packages
[1.971s] copying package.xml -> /home/ubuntu/ros2_line_follower/install/follower/share/follower
[1.972s] creating /home/ubuntu/ros2_line_follower/install/follower/share/follower/launch
[1.972s] copying launch/sor_track.launch.py -> /home/ubuntu/ros2_line_follower/install/follower/share/follower/launch
[1.972s] copying launch/new_track.launch.py -> /home/ubuntu/ros2_line_follower/install/follower/share/follower/launch
[1.973s] creating /home/ubuntu/ros2_line_follower/install/follower/share/follower/worlds
[1.973s] copying worlds/new_track.sdf -> /home/ubuntu/ros2_line_follower/install/follower/share/follower/worlds
[1.974s] copying worlds/sor_track.sdf -> /home/ubuntu/ros2_line_follower/install/follower/share/follower/worlds
[1.974s] creating /home/ubuntu/ros2_line_follower/install/follower/share/follower/models
[1.974s] creating /home/ubuntu/ros2_line_follower/install/follower/share/follower/models/sor_track
[1.974s] copying models/sor_track/model.sdf -> /home/ubuntu/ros2_line_follower/install/follower/share/follower/models/sor_track
[1.975s] copying models/sor_track/model.config -> /home/ubuntu/ros2_line_follower/install/follower/share/follower/models/sor_track
[1.975s] creating /home/ubuntu/ros2_line_follower/install/follower/share/follower/models/sor_track/materials
[1.975s] creating /home/ubuntu/ros2_line_follower/install/follower/share/follower/models/sor_track/materials/textures
[1.977s] copying models/sor_track/materials/textures/sor_track.png -> /home/ubuntu/ros2_line_follower/install/follower/share/follower/models/sor_track/materials/textures
[1.977s] creating /home/ubuntu/ros2_line_follower/install/follower/share/follower/models/custom_turtlebot
[1.977s] copying models/custom_turtlebot/model.sdf -> /home/ubuntu/ros2_line_follower/install/follower/share/follower/models/custom_turtlebot
[1.978s] copying models/custom_turtlebot/model.config -> /home/ubuntu/ros2_line_follower/install/follower/share/follower/models/custom_turtlebot
[1.978s] creating /home/ubuntu/ros2_line_follower/install/follower/share/follower/models/custom_turtlebot/meshes
[1.978s] copying models/custom_turtlebot/meshes/lds.dae -> /home/ubuntu/ros2_line_follower/install/follower/share/follower/models/custom_turtlebot/meshes
[1.979s] copying models/custom_turtlebot/meshes/waffle_pi_base.dae -> /home/ubuntu/ros2_line_follower/install/follower/share/follower/models/custom_turtlebot/meshes
[1.980s] copying models/custom_turtlebot/meshes/tire.dae -> /home/ubuntu/ros2_line_follower/install/follower/share/follower/models/custom_turtlebot/meshes
[1.981s] creating /home/ubuntu/ros2_line_follower/install/follower/share/follower/models/track2
[1.981s] copying models/track2/model.sdf -> /home/ubuntu/ros2_line_follower/install/follower/share/follower/models/track2
[1.982s] copying models/track2/model.config -> /home/ubuntu/ros2_line_follower/install/follower/share/follower/models/track2
[1.983s] creating /home/ubuntu/ros2_line_follower/install/follower/share/follower/models/track2/materials
[1.983s] creating /home/ubuntu/ros2_line_follower/install/follower/share/follower/models/track2/materials/textures
[1.984s] copying models/track2/materials/textures/original_track.png -> /home/ubuntu/ros2_line_follower/install/follower/share/follower/models/track2/materials/textures
[1.984s] copying models/track2/materials/textures/Track2.png -> /home/ubuntu/ros2_line_follower/install/follower/share/follower/models/track2/materials/textures
[1.985s] running install_egg_info
[2.004s] Copying ../../build/follower/follower.egg-info to /home/ubuntu/ros2_line_follower/install/follower/lib/python3.12/site-packages/follower-1.0.0-py3.12.egg-info
[2.009s] running install_scripts
[2.138s] Installing follower_node script to /home/ubuntu/ros2_line_follower/install/follower/lib/follower
[2.139s] Installing tester script to /home/ubuntu/ros2_line_follower/install/follower/lib/follower
[2.139s] writing list of installed files to '/home/ubuntu/ros2_line_follower/build/follower/install.log'
[2.169s] Invoked command in '/home/ubuntu/ros2_line_follower/src/follower' returned '0': PYTHONPATH=/home/ubuntu/ros2_line_follower/build/follower/prefix_override:/usr/lib/python3/dist-packages/colcon_core/task/python/colcon_distutils_commands:/home/ubuntu/ros2_line_follower/install/follower/lib/python3.12/site-packages:${PYTHONPATH} /usr/bin/python3 -W ignore:setup.py install is deprecated -W ignore:easy_install command is deprecated setup.py egg_info --egg-base ../../build/follower build --build-base /home/ubuntu/ros2_line_follower/build/follower/build install --record /home/ubuntu/ros2_line_follower/build/follower/install.log --install-scripts $base/lib/follower --single-version-externally-managed install_data
